2026-08-24 02:50:33.183 [main] INFO  de.vdi.vdi2770.processor.report.ContainerValidator - Processing a documentation container.
2026-08-24 02:50:33.270 [main] INFO  de.vdi.vdi2770.processor.pdf.PdfValidator - Reading PDF/A version and level from file /var/folders/rf/48x_ytsj2cb70yvdh73dkxkm0000gn/T/vdi2770_4388971470788615091/certificate-pdfa-a/VDI2770_Main.pdf
2026-08-24 02:50:33.307 [main] INFO  de.vdi.vdi2770.processor.pdf.PdfValidator - PDF/A version is 3A
2026-08-24 02:50:33.348 [main] INFO  de.vdi.vdi2770.processor.pdf.PdfValidator - Reading PDF/A version and level from file /var/folders/rf/48x_ytsj2cb70yvdh73dkxkm0000gn/T/vdi2770_4388971470788615091/certificate-pdfa-a/VDI2770_Main.pdf
2026-08-24 02:50:33.352 [main] INFO  de.vdi.vdi2770.processor.pdf.PdfValidator - PDF/A version is 3A
2026-08-24 02:50:33.354 [main] INFO  de.vdi.vdi2770.processor.report.ContainerValidator - Processing a document container.
2026-08-24 02:50:33.386 [main] INFO  de.vdi.vdi2770.processor.pdf.PdfValidator - Reading PDF/A version and level from file /var/folders/rf/48x_ytsj2cb70yvdh73dkxkm0000gn/T/vdi2770_4388971470788615091/certificate-pdfa-a/AB393/demo.pdf
2026-08-24 02:50:33.389 [main] INFO  de.vdi.vdi2770.processor.pdf.PdfValidator - PDF/A version is 3A
2026-08-24 02:50:33.400 [main] INFO  de.vdi.vdi2770.processor.pdf.PdfValidator - Reading PDF/A version and level from file /var/folders/rf/48x_ytsj2cb70yvdh73dkxkm0000gn/T/vdi2770_4388971470788615091/certificate-pdfa-a/AB393/demo.pdf
2026-08-24 02:50:33.402 [main] INFO  de.vdi.vdi2770.processor.pdf.PdfValidator - PDF/A version is 3A
2026-08-24 02:50:33.455 [main] INFO  de.vdi.vdi2770.processor.report.ContainerValidator - Processing a documentation container.
2026-08-24 02:50:33.476 [main] INFO  de.vdi.vdi2770.processor.pdf.PdfValidator - Reading PDF/A version and level from file /var/folders/rf/48x_ytsj2cb70yvdh73dkxkm0000gn/T/vdi2770_13684169277587791269/certificate-pdfa-b/VDI2770_Main.pdf
2026-08-24 02:50:33.478 [main] INFO  de.vdi.vdi2770.processor.pdf.PdfValidator - PDF/A version is 3A
2026-08-24 02:50:33.487 [main] INFO  de.vdi.vdi2770.processor.pdf.PdfValidator - Reading PDF/A version and level from file /var/folders/rf/48x_ytsj2cb70yvdh73dkxkm0000gn/T/vdi2770_13684169277587791269/certificate-pdfa-b/VDI2770_Main.pdf
2026-08-24 02:50:33.489 [main] INFO  de.vdi.vdi2770.processor.pdf.PdfValidator - PDF/A version is 3A
2026-08-24 02:50:33.489 [main] INFO  de.vdi.vdi2770.processor.report.ContainerValidator - Processing a document container.
2026-08-24 02:50:33.514 [main] INFO  de.vdi.vdi2770.processor.pdf.PdfValidator - Reading PDF/A version and level from file /var/folders/rf/48x_ytsj2cb70yvdh73dkxkm0000gn/T/vdi2770_13684169277587791269/certificate-pdfa-b/AB393/demo.pdf
2026-08-24 02:50:33.515 [main] INFO  de.vdi.vdi2770.processor.pdf.PdfValidator - PDF/A version is 2B
2026-08-24 02:50:33.559 [main] INFO  de.vdi.vdi2770.processor.report.ContainerValidator - Processing a documentation container.
2026-08-24 02:50:33.574 [main] INFO  de.vdi.vdi2770.processor.pdf.PdfValidator - Reading PDF/A version and level from file /var/folders/rf/48x_ytsj2cb70yvdh73dkxkm0000gn/T/vdi2770_604325533715453132/document-invalid-pdfa-b/VDI2770_Main.pdf
2026-08-24 02:50:33.577 [main] INFO  de.vdi.vdi2770.processor.pdf.PdfValidator - PDF/A version is 3A
2026-08-24 02:50:33.586 [main] INFO  de.vdi.vdi2770.processor.pdf.PdfValidator - Reading PDF/A version and level from file /var/folders/rf/48x_ytsj2cb70yvdh73dkxkm0000gn/T/vdi2770_604325533715453132/document-invalid-pdfa-b/VDI2770_Main.pdf
2026-08-24 02:50:33.588 [main] INFO  de.vdi.vdi2770.processor.pdf.PdfValidator - PDF/A version is 3A
2026-08-24 02:50:33.588 [main] INFO  de.vdi.vdi2770.processor.report.ContainerValidator - Processing a document container.
2026-08-24 02:50:33.604 [main] INFO  de.vdi.vdi2770.processor.pdf.PdfValidator - Reading PDF/A version and level from file /var/folders/rf/48x_ytsj2cb70yvdh73dkxkm0000gn/T/vdi2770_604325533715453132/document-invalid-pdfa-b/AB393/demo.pdf
2026-08-24 02:50:33.605 [main] INFO  de.vdi.vdi2770.processor.pdf.PdfValidator - PDF/A version is 2B
2026-08-24 02:50:33.646 [main] INFO  de.vdi.vdi2770.processor.report.ContainerValidator - Processing a documentation container.
2026-08-24 02:50:33.662 [main] INFO  de.vdi.vdi2770.processor.pdf.PdfValidator - Reading PDF/A version and level from file /var/folders/rf/48x_ytsj2cb70yvdh73dkxkm0000gn/T/vdi2770_13732001864872195554/documentationcontainer/VDI2770_Main.pdf
2026-08-24 02:50:33.664 [main] INFO  de.vdi.vdi2770.processor.pdf.PdfValidator - PDF/A version is 3A
2026-08-24 02:50:33.672 [main] INFO  de.vdi.vdi2770.processor.pdf.PdfValidator - Reading PDF/A version and level from file /var/folders/rf/48x_ytsj2cb70yvdh73dkxkm0000gn/T/vdi2770_13732001864872195554/documentationcontainer/VDI2770_Main.pdf
2026-08-24 02:50:33.673 [main] INFO  de.vdi.vdi2770.processor.pdf.PdfValidator - PDF/A version is 3A
2026-08-24 02:50:33.674 [main] INFO  de.vdi.vdi2770.processor.report.ContainerValidator - Processing a document container.
2026-08-24 02:50:33.692 [main] INFO  de.vdi.vdi2770.processor.pdf.PdfValidator - Reading PDF/A version and level from file /var/folders/rf/48x_ytsj2cb70yvdh73dkxkm0000gn/T/vdi2770_13732001864872195554/documentationcontainer/documentcontainer/B.pdf
2026-08-24 02:50:33.693 [main] INFO  de.vdi.vdi2770.processor.pdf.PdfValidator - PDF/A version is 3A
2026-08-24 02:50:33.699 [main] INFO  de.vdi.vdi2770.processor.pdf.PdfValidator - Reading PDF/A version and level from file /var/folders/rf/48x_ytsj2cb70yvdh73dkxkm0000gn/T/vdi2770_13732001864872195554/documentationcontainer/documentcontainer/B.pdf
2026-08-24 02:50:33.703 [main] INFO  de.vdi.vdi2770.processor.pdf.PdfValidator - PDF/A version is 3A
2026-08-24 02:50:33.720 [main] INFO  de.vdi.vdi2770.processor.report.ContainerValidator - Processing a document container.
2026-08-24 02:50:33.735 [main] INFO  de.vdi.vdi2770.processor.pdf.PdfValidator - Reading PDF/A version and level from file /var/folders/rf/48x_ytsj2cb70yvdh73dkxkm0000gn/T/vdi2770_5286682153843513464/documentcontainer-invalid/B.pdf
2026-08-24 02:50:33.736 [main] INFO  de.vdi.vdi2770.processor.pdf.PdfValidator - PDF/A version is 3A
2026-08-24 02:50:33.741 [main] INFO  de.vdi.vdi2770.processor.pdf.PdfValidator - Reading PDF/A version and level from file /var/folders/rf/48x_ytsj2cb70yvdh73dkxkm0000gn/T/vdi2770_5286682153843513464/documentcontainer-invalid/B.pdf
2026-08-24 02:50:33.743 [main] INFO  de.vdi.vdi2770.processor.pdf.PdfValidator - PDF/A version is 3A
2026-08-24 02:50:33.759 [main] INFO  de.vdi.vdi2770.processor.report.ContainerValidator - Processing a document container.
2026-08-24 02:50:33.780 [main] INFO  de.vdi.vdi2770.processor.pdf.PdfValidator - Reading PDF/A version and level from file /var/folders/rf/48x_ytsj2cb70yvdh73dkxkm0000gn/T/vdi2770_7651384449545416000/documentcontainer/B.pdf
2026-08-24 02:50:33.782 [main] INFO  de.vdi.vdi2770.processor.pdf.PdfValidator - PDF/A version is 3A
2026-08-24 02:50:33.787 [main] INFO  de.vdi.vdi2770.processor.pdf.PdfValidator - Reading PDF/A version and level from file /var/folders/rf/48x_ytsj2cb70yvdh73dkxkm0000gn/T/vdi2770_7651384449545416000/documentcontainer/B.pdf
2026-08-24 02:50:33.789 [main] INFO  de.vdi.vdi2770.processor.pdf.PdfValidator - PDF/A version is 3A
2026-08-24 02:50:33.804 [main] INFO  de.vdi.vdi2770.processor.report.ContainerValidator - Processing a documentation container.
2026-08-24 02:50:33.816 [main] INFO  de.vdi.vdi2770.processor.pdf.PdfValidator - Reading PDF/A version and level from file /var/folders/rf/48x_ytsj2cb70yvdh73dkxkm0000gn/T/vdi2770_16625769650384852656/missingdocuments/VDI2770_Main.pdf
2026-08-24 02:50:33.818 [main] INFO  de.vdi.vdi2770.processor.pdf.PdfValidator - PDF/A version is 3A
2026-08-24 02:50:33.825 [main] INFO  de.vdi.vdi2770.processor.pdf.PdfValidator - Reading PDF/A version and level from file /var/folders/rf/48x_ytsj2cb70yvdh73dkxkm0000gn/T/vdi2770_16625769650384852656/missingdocuments/VDI2770_Main.pdf
2026-08-24 02:50:33.826 [main] INFO  de.vdi.vdi2770.processor.pdf.PdfValidator - PDF/A version is 3A
2026-08-24 02:50:33.859 [main] INFO  de.vdi.vdi2770.processor.report.ContainerValidator - Processing a documentation container.
2026-08-24 02:50:33.872 [main] INFO  de.vdi.vdi2770.processor.pdf.PdfValidator - Reading PDF/A version and level from file /var/folders/rf/48x_ytsj2cb70yvdh73dkxkm0000gn/T/vdi2770_9577312961446974766/morethanonepdfcontainer/VDI2770_Main.pdf
2026-08-24 02:50:33.873 [main] INFO  de.vdi.vdi2770.processor.pdf.PdfValidator - PDF/A version is 3A
2026-08-24 02:50:33.883 [main] INFO  de.vdi.vdi2770.processor.pdf.PdfValidator - Reading PDF/A version and level from file /var/folders/rf/48x_ytsj2cb70yvdh73dkxkm0000gn/T/vdi2770_9577312961446974766/morethanonepdfcontainer/VDI2770_Main.pdf
2026-08-24 02:50:33.884 [main] INFO  de.vdi.vdi2770.processor.pdf.PdfValidator - PDF/A version is 3A
2026-08-24 02:50:33.885 [main] INFO  de.vdi.vdi2770.processor.report.ContainerValidator - Processing a document container.
2026-08-24 02:50:33.901 [main] INFO  de.vdi.vdi2770.processor.pdf.PdfValidator - Reading PDF/A version and level from file /var/folders/rf/48x_ytsj2cb70yvdh73dkxkm0000gn/T/vdi2770_9577312961446974766/morethanonepdfcontainer/documentcontainer/B.pdf
2026-08-24 02:50:33.902 [main] INFO  de.vdi.vdi2770.processor.pdf.PdfValidator - PDF/A version is 3A
2026-08-24 02:50:33.906 [main] INFO  de.vdi.vdi2770.processor.pdf.PdfValidator - Reading PDF/A version and level from file /var/folders/rf/48x_ytsj2cb70yvdh73dkxkm0000gn/T/vdi2770_9577312961446974766/morethanonepdfcontainer/documentcontainer/B.pdf
2026-08-24 02:50:33.908 [main] INFO  de.vdi.vdi2770.processor.pdf.PdfValidator - PDF/A version is 3A
2026-08-24 02:50:33.908 [main] INFO  de.vdi.vdi2770.processor.pdf.PdfValidator - Reading PDF/A version and level from file /var/folders/rf/48x_ytsj2cb70yvdh73dkxkm0000gn/T/vdi2770_9577312961446974766/morethanonepdfcontainer/documentcontainer/otherPDF.pdf
2026-08-24 02:50:33.910 [main] WARN  de.vdi.vdi2770.processor.report.ContainerValidator - Error reading PDF/A level
2026-08-24 02:50:33.913 [main] INFO  de.vdi.vdi2770.processor.pdf.PdfValidator - Reading PDF/A version and level from file /var/folders/rf/48x_ytsj2cb70yvdh73dkxkm0000gn/T/vdi2770_9577312961446974766/morethanonepdfcontainer/documentcontainer/otherPDF.pdf
2026-08-24 02:50:33.914 [main] WARN  de.vdi.vdi2770.processor.report.ContainerValidator - Error reading PDF/A level
2026-08-24 02:50:33.959 [main] INFO  de.vdi.vdi2770.processor.report.ContainerValidator - Processing a documentation container.
2026-08-24 02:50:33.970 [main] INFO  de.vdi.vdi2770.processor.pdf.PdfValidator - Reading PDF/A version and level from file /var/folders/rf/48x_ytsj2cb70yvdh73dkxkm0000gn/T/vdi2770_5405891986761639326/objectreferences/VDI2770_Main.pdf
2026-08-24 02:50:33.971 [main] INFO  de.vdi.vdi2770.processor.pdf.PdfValidator - PDF/A version is 3A
2026-08-24 02:50:33.978 [main] INFO  de.vdi.vdi2770.processor.pdf.PdfValidator - Reading PDF/A version and level from file /var/folders/rf/48x_ytsj2cb70yvdh73dkxkm0000gn/T/vdi2770_5405891986761639326/objectreferences/VDI2770_Main.pdf
2026-08-24 02:50:33.979 [main] INFO  de.vdi.vdi2770.processor.pdf.PdfValidator - PDF/A version is 3A
2026-08-24 02:50:33.979 [main] INFO  de.vdi.vdi2770.processor.report.ContainerValidator - Processing a document container.
2026-08-24 02:50:33.992 [main] INFO  de.vdi.vdi2770.processor.pdf.PdfValidator - Reading PDF/A version and level from file /var/folders/rf/48x_ytsj2cb70yvdh73dkxkm0000gn/T/vdi2770_5405891986761639326/objectreferences/AB393/demo.pdf
2026-08-24 02:50:33.994 [main] INFO  de.vdi.vdi2770.processor.pdf.PdfValidator - PDF/A version is 3A
2026-08-24 02:50:33.998 [main] INFO  de.vdi.vdi2770.processor.pdf.PdfValidator - Reading PDF/A version and level from file /var/folders/rf/48x_ytsj2cb70yvdh73dkxkm0000gn/T/vdi2770_5405891986761639326/objectreferences/AB393/demo.pdf
2026-08-24 02:50:33.999 [main] INFO  de.vdi.vdi2770.processor.pdf.PdfValidator - PDF/A version is 3A
2026-08-24 02:50:33.999 [main] INFO  de.vdi.vdi2770.processor.report.ContainerValidator - Processing a document container.
2026-08-24 02:50:34.016 [main] INFO  de.vdi.vdi2770.processor.pdf.PdfValidator - Reading PDF/A version and level from file /var/folders/rf/48x_ytsj2cb70yvdh73dkxkm0000gn/T/vdi2770_5405891986761639326/objectreferences/456-29201/demo.pdf
2026-08-24 02:50:34.017 [main] INFO  de.vdi.vdi2770.processor.pdf.PdfValidator - PDF/A version is 3A
2026-08-24 02:50:34.021 [main] INFO  de.vdi.vdi2770.processor.pdf.PdfValidator - Reading PDF/A version and level from file /var/folders/rf/48x_ytsj2cb70yvdh73dkxkm0000gn/T/vdi2770_5405891986761639326/objectreferences/456-29201/demo.pdf
2026-08-24 02:50:34.022 [main] INFO  de.vdi.vdi2770.processor.pdf.PdfValidator - PDF/A version is 3A
2026-08-24 02:50:34.061 [main] INFO  de.vdi.vdi2770.processor.report.ContainerValidator - Processing a documentation container.
2026-08-24 02:50:34.072 [main] INFO  de.vdi.vdi2770.processor.pdf.PdfValidator - Reading PDF/A version and level from file /var/folders/rf/48x_ytsj2cb70yvdh73dkxkm0000gn/T/vdi2770_16577571426905914739/vdi2770_demo/VDI2770_Main.pdf
2026-08-24 02:50:34.073 [main] INFO  de.vdi.vdi2770.processor.pdf.PdfValidator - PDF/A version is 3A
2026-08-24 02:50:34.079 [main] INFO  de.vdi.vdi2770.processor.pdf.PdfValidator - Reading PDF/A version and level from file /var/folders/rf/48x_ytsj2cb70yvdh73dkxkm0000gn/T/vdi2770_16577571426905914739/vdi2770_demo/VDI2770_Main.pdf
2026-08-24 02:50:34.080 [main] INFO  de.vdi.vdi2770.processor.pdf.PdfValidator - PDF/A version is 3A
2026-08-24 02:50:34.080 [main] INFO  de.vdi.vdi2770.processor.report.ContainerValidator - Processing a document container.
2026-08-24 02:50:34.093 [main] INFO  de.vdi.vdi2770.processor.pdf.PdfValidator - Reading PDF/A version and level from file /var/folders/rf/48x_ytsj2cb70yvdh73dkxkm0000gn/T/vdi2770_16577571426905914739/vdi2770_demo/AB393/demo.pdf
2026-08-24 02:50:34.094 [main] INFO  de.vdi.vdi2770.processor.pdf.PdfValidator - PDF/A version is 3A
2026-08-24 02:50:34.098 [main] INFO  de.vdi.vdi2770.processor.pdf.PdfValidator - Reading PDF/A version and level from file /var/folders/rf/48x_ytsj2cb70yvdh73dkxkm0000gn/T/vdi2770_16577571426905914739/vdi2770_demo/AB393/demo.pdf
2026-08-24 02:50:34.099 [main] INFO  de.vdi.vdi2770.processor.pdf.PdfValidator - PDF/A version is 3A
2026-08-24 02:50:34.100 [main] INFO  de.vdi.vdi2770.processor.report.ContainerValidator - Processing a document container.
2026-08-24 02:50:34.113 [main] INFO  de.vdi.vdi2770.processor.pdf.PdfValidator - Reading PDF/A version and level from file /var/folders/rf/48x_ytsj2cb70yvdh73dkxkm0000gn/T/vdi2770_16577571426905914739/vdi2770_demo/456-29201/demo.pdf
2026-08-24 02:50:34.114 [main] INFO  de.vdi.vdi2770.processor.pdf.PdfValidator - PDF/A version is 3A
2026-08-24 02:50:34.118 [main] INFO  de.vdi.vdi2770.processor.pdf.PdfValidator - Reading PDF/A version and level from file /var/folders/rf/48x_ytsj2cb70yvdh73dkxkm0000gn/T/vdi2770_16577571426905914739/vdi2770_demo/456-29201/demo.pdf
2026-08-24 02:50:34.119 [main] INFO  de.vdi.vdi2770.processor.pdf.PdfValidator - PDF/A version is 3A
2026-08-24 02:50:34.214 [main] INFO  de.vdi.vdi2770.processor.report.ContainerValidator - Processing a documentation container.
2026-08-24 02:50:34.225 [main] INFO  de.vdi.vdi2770.processor.pdf.PdfValidator - Reading PDF/A version and level from file /var/folders/rf/48x_ytsj2cb70yvdh73dkxkm0000gn/T/vdi2770_17959948908417797472/vdi2770_excel/VDI2770_Main.pdf
2026-08-24 02:50:34.227 [main] INFO  de.vdi.vdi2770.processor.pdf.PdfValidator - PDF/A version is 3A
2026-08-24 02:50:34.233 [main] INFO  de.vdi.vdi2770.processor.pdf.PdfValidator - Reading PDF/A version and level from file /var/folders/rf/48x_ytsj2cb70yvdh73dkxkm0000gn/T/vdi2770_17959948908417797472/vdi2770_excel/VDI2770_Main.pdf
2026-08-24 02:50:34.234 [main] INFO  de.vdi.vdi2770.processor.pdf.PdfValidator - PDF/A version is 3A
2026-08-24 02:50:34.235 [main] INFO  de.vdi.vdi2770.processor.report.ContainerValidator - Processing a document container.
2026-08-24 02:50:34.249 [main] INFO  de.vdi.vdi2770.processor.pdf.PdfValidator - Reading PDF/A version and level from file /var/folders/rf/48x_ytsj2cb70yvdh73dkxkm0000gn/T/vdi2770_17959948908417797472/vdi2770_excel/DATA44/Document1.pdf
2026-08-24 02:50:34.250 [main] INFO  de.vdi.vdi2770.processor.pdf.PdfValidator - PDF/A version is 3A
2026-08-24 02:50:34.254 [main] INFO  de.vdi.vdi2770.processor.pdf.PdfValidator - Reading PDF/A version and level from file /var/folders/rf/48x_ytsj2cb70yvdh73dkxkm0000gn/T/vdi2770_17959948908417797472/vdi2770_excel/DATA44/Document1.pdf
2026-08-24 02:50:34.255 [main] INFO  de.vdi.vdi2770.processor.pdf.PdfValidator - PDF/A version is 3A
2026-08-24 02:50:34.255 [main] INFO  de.vdi.vdi2770.processor.report.ContainerValidator - Processing a documentation container.
2026-08-24 02:50:34.266 [main] INFO  de.vdi.vdi2770.processor.pdf.PdfValidator - Reading PDF/A version and level from file /var/folders/rf/48x_ytsj2cb70yvdh73dkxkm0000gn/T/vdi2770_17959948908417797472/vdi2770_excel/U2-Hauptdokument/VDI2770_Main.pdf
2026-08-24 02:50:34.267 [main] INFO  de.vdi.vdi2770.processor.pdf.PdfValidator - PDF/A version is 3A
2026-08-24 02:50:34.273 [main] INFO  de.vdi.vdi2770.processor.pdf.PdfValidator - Reading PDF/A version and level from file /var/folders/rf/48x_ytsj2cb70yvdh73dkxkm0000gn/T/vdi2770_17959948908417797472/vdi2770_excel/U2-Hauptdokument/VDI2770_Main.pdf
2026-08-24 02:50:34.274 [main] INFO  de.vdi.vdi2770.processor.pdf.PdfValidator - PDF/A version is 3A
2026-08-24 02:50:34.274 [main] INFO  de.vdi.vdi2770.processor.report.ContainerValidator - Processing a document container.
2026-08-24 02:50:34.285 [main] INFO  de.vdi.vdi2770.processor.pdf.PdfValidator - Reading PDF/A version and level from file /var/folders/rf/48x_ytsj2cb70yvdh73dkxkm0000gn/T/vdi2770_17959948908417797472/vdi2770_excel/U2-Hauptdokument/U2D2/U2D2.pdf
2026-08-24 02:50:34.286 [main] INFO  de.vdi.vdi2770.processor.pdf.PdfValidator - PDF/A version is 3A
2026-08-24 02:50:34.290 [main] INFO  de.vdi.vdi2770.processor.pdf.PdfValidator - Reading PDF/A version and level from file /var/folders/rf/48x_ytsj2cb70yvdh73dkxkm0000gn/T/vdi2770_17959948908417797472/vdi2770_excel/U2-Hauptdokument/U2D2/U2D2.pdf
2026-08-24 02:50:34.292 [main] INFO  de.vdi.vdi2770.processor.pdf.PdfValidator - PDF/A version is 3A
2026-08-24 02:50:34.292 [main] INFO  de.vdi.vdi2770.processor.report.ContainerValidator - Processing a documentation container.
2026-08-24 02:50:34.306 [main] INFO  de.vdi.vdi2770.processor.pdf.PdfValidator - Reading PDF/A version and level from file /var/folders/rf/48x_ytsj2cb70yvdh73dkxkm0000gn/T/vdi2770_17959948908417797472/vdi2770_excel/U1-Hauptdokument/VDI2770_Main.pdf
2026-08-24 02:50:34.307 [main] INFO  de.vdi.vdi2770.processor.pdf.PdfValidator - PDF/A version is 3A
2026-08-24 02:50:34.313 [main] INFO  de.vdi.vdi2770.processor.pdf.PdfValidator - Reading PDF/A version and level from file /var/folders/rf/48x_ytsj2cb70yvdh73dkxkm0000gn/T/vdi2770_17959948908417797472/vdi2770_excel/U1-Hauptdokument/VDI2770_Main.pdf
2026-08-24 02:50:34.314 [main] INFO  de.vdi.vdi2770.processor.pdf.PdfValidator - PDF/A version is 3A
2026-08-24 02:50:34.315 [main] INFO  de.vdi.vdi2770.processor.report.ContainerValidator - Processing a document container.
2026-08-24 02:50:34.328 [main] INFO  de.vdi.vdi2770.processor.pdf.PdfValidator - Reading PDF/A version and level from file /var/folders/rf/48x_ytsj2cb70yvdh73dkxkm0000gn/T/vdi2770_17959948908417797472/vdi2770_excel/U1-Hauptdokument/U2D2/U2D2.pdf
2026-08-24 02:50:34.329 [main] INFO  de.vdi.vdi2770.processor.pdf.PdfValidator - PDF/A version is 3A
2026-08-24 02:50:34.333 [main] INFO  de.vdi.vdi2770.processor.pdf.PdfValidator - Reading PDF/A version and level from file /var/folders/rf/48x_ytsj2cb70yvdh73dkxkm0000gn/T/vdi2770_17959948908417797472/vdi2770_excel/U1-Hauptdokument/U2D2/U2D2.pdf
2026-08-24 02:50:34.334 [main] INFO  de.vdi.vdi2770.processor.pdf.PdfValidator - PDF/A version is 3A
2026-08-24 02:50:34.334 [main] INFO  de.vdi.vdi2770.processor.report.ContainerValidator - Processing a document container.
2026-08-24 02:50:34.345 [main] INFO  de.vdi.vdi2770.processor.pdf.PdfValidator - Reading PDF/A version and level from file /var/folders/rf/48x_ytsj2cb70yvdh73dkxkm0000gn/T/vdi2770_17959948908417797472/vdi2770_excel/U1-Hauptdokument/U1D1/U1D1.pdf
2026-08-24 02:50:34.346 [main] INFO  de.vdi.vdi2770.processor.pdf.PdfValidator - PDF/A version is 3A
2026-08-24 02:50:34.350 [main] INFO  de.vdi.vdi2770.processor.pdf.PdfValidator - Reading PDF/A version and level from file /var/folders/rf/48x_ytsj2cb70yvdh73dkxkm0000gn/T/vdi2770_17959948908417797472/vdi2770_excel/U1-Hauptdokument/U1D1/U1D1.pdf
2026-08-24 02:50:34.351 [main] INFO  de.vdi.vdi2770.processor.pdf.PdfValidator - PDF/A version is 3A
2026-08-24 02:50:34.365 [main] INFO  de.vdi.vdi2770.processor.report.ContainerValidator - Processing a document container.
2026-08-24 02:50:34.375 [main] INFO  de.vdi.vdi2770.processor.pdf.PdfValidator - Reading PDF/A version and level from file /var/folders/rf/48x_ytsj2cb70yvdh73dkxkm0000gn/T/vdi2770_2582622303392906985/issue16container/B.pdf
2026-08-24 02:50:34.377 [main] INFO  de.vdi.vdi2770.processor.pdf.PdfValidator - PDF/A version is 3A
2026-08-24 02:50:34.380 [main] INFO  de.vdi.vdi2770.processor.pdf.PdfValidator - Reading PDF/A version and level from file /var/folders/rf/48x_ytsj2cb70yvdh73dkxkm0000gn/T/vdi2770_2582622303392906985/issue16container/B.pdf
2026-08-24 02:50:34.381 [main] INFO  de.vdi.vdi2770.processor.pdf.PdfValidator - PDF/A version is 3A
2026-08-24 02:50:34.411 [main] INFO  de.vdi.vdi2770.processor.report.ContainerValidator - Processing a documentation container.
2026-08-24 02:50:34.419 [main] WARN  de.vdi.vdi2770.processor.report.Report - Can not generate SHA 256 hash
java.io.IOException: Is a directory
	at java.base/sun.nio.ch.FileDispatcherImpl.read0(Native Method) ~[?:?]
	at java.base/sun.nio.ch.FileDispatcherImpl.read(FileDispatcherImpl.java:49) ~[?:?]
	at java.base/sun.nio.ch.IOUtil.readIntoNativeBuffer(IOUtil.java:330) ~[?:?]
	at java.base/sun.nio.ch.IOUtil.read(IOUtil.java:296) ~[?:?]
	at java.base/sun.nio.ch.IOUtil.read(IOUtil.java:273) ~[?:?]
	at java.base/sun.nio.ch.FileChannelImpl.read(FileChannelImpl.java:232) ~[?:?]
	at java.base/sun.nio.ch.ChannelInputStream.read(ChannelInputStream.java:65) ~[?:?]
	at java.base/sun.nio.ch.ChannelInputStream.read(ChannelInputStream.java:107) ~[?:?]
	at java.base/sun.nio.ch.ChannelInputStream.read(ChannelInputStream.java:101) ~[?:?]
	at java.base/java.nio.file.Files.read(Files.java:3244) ~[?:?]
	at java.base/java.nio.file.Files.readAllBytes(Files.java:3295) ~[?:?]
	at de.vdi.vdi2770.processor.report.Report.<init>(Report.java:321) [vdi2770-processor-0.9.12.jar:?]
	at de.vdi.vdi2770.processor.report.Report.createSubReport(Report.java:125) [vdi2770-processor-0.9.12.jar:?]
	at de.vdi.vdi2770.processor.report.Report.getSubReport(Report.java:153) [vdi2770-processor-0.9.12.jar:?]
	at de.vdi.vdi2770.processor.report.ContainerValidator.processEmbeddedZipFiles(ContainerValidator.java:662) [vdi2770-processor-0.9.12.jar:?]
	at de.vdi.vdi2770.processor.report.ContainerValidator.process(ContainerValidator.java:573) [vdi2770-processor-0.9.12.jar:?]
	at de.vdi.vdi2770.processor.report.ContainerValidator.validateUnzippedContainer(ContainerValidator.java:267) [vdi2770-processor-0.9.12.jar:?]
	at de.vdi.vdi2770.processor.report.ContainerValidator.validate(ContainerValidator.java:215) [vdi2770-processor-0.9.12.jar:?]
	at Sweep.main(Sweep.java:54) [tmp5tiwbeg3/:?]
2026-08-24 02:50:34.422 [main] INFO  de.vdi.vdi2770.processor.report.ContainerValidator - Processing a document container.
2026-08-24 02:50:34.433 [main] INFO  de.vdi.vdi2770.processor.pdf.PdfValidator - Reading PDF/A version and level from file /var/folders/rf/48x_ytsj2cb70yvdh73dkxkm0000gn/T/vdi2770_13550117977175633613/folders/AB393/demo.pdf
2026-08-24 02:50:34.434 [main] INFO  de.vdi.vdi2770.processor.pdf.PdfValidator - PDF/A version is 3A
2026-08-24 02:50:34.438 [main] INFO  de.vdi.vdi2770.processor.pdf.PdfValidator - Reading PDF/A version and level from file /var/folders/rf/48x_ytsj2cb70yvdh73dkxkm0000gn/T/vdi2770_13550117977175633613/folders/AB393/demo.pdf
2026-08-24 02:50:34.439 [main] INFO  de.vdi.vdi2770.processor.pdf.PdfValidator - PDF/A version is 3A
2026-08-24 02:50:34.439 [main] WARN  de.vdi.vdi2770.processor.report.Report - Can not generate SHA 256 hash
java.io.IOException: Is a directory
	at java.base/sun.nio.ch.FileDispatcherImpl.read0(Native Method) ~[?:?]
	at java.base/sun.nio.ch.FileDispatcherImpl.read(FileDispatcherImpl.java:49) ~[?:?]
	at java.base/sun.nio.ch.IOUtil.readIntoNativeBuffer(IOUtil.java:330) ~[?:?]
	at java.base/sun.nio.ch.IOUtil.read(IOUtil.java:296) ~[?:?]
	at java.base/sun.nio.ch.IOUtil.read(IOUtil.java:273) ~[?:?]
	at java.base/sun.nio.ch.FileChannelImpl.read(FileChannelImpl.java:232) ~[?:?]
	at java.base/sun.nio.ch.ChannelInputStream.read(ChannelInputStream.java:65) ~[?:?]
	at java.base/sun.nio.ch.ChannelInputStream.read(ChannelInputStream.java:107) ~[?:?]
	at java.base/sun.nio.ch.ChannelInputStream.read(ChannelInputStream.java:101) ~[?:?]
	at java.base/java.nio.file.Files.read(Files.java:3244) ~[?:?]
	at java.base/java.nio.file.Files.readAllBytes(Files.java:3295) ~[?:?]
	at de.vdi.vdi2770.processor.report.Report.<init>(Report.java:321) [vdi2770-processor-0.9.12.jar:?]
	at de.vdi.vdi2770.processor.report.Report.createSubReport(Report.java:125) [vdi2770-processor-0.9.12.jar:?]
	at de.vdi.vdi2770.processor.report.Report.getSubReport(Report.java:153) [vdi2770-processor-0.9.12.jar:?]
	at de.vdi.vdi2770.processor.report.ContainerValidator.processEmbeddedZipFiles(ContainerValidator.java:662) [vdi2770-processor-0.9.12.jar:?]
	at de.vdi.vdi2770.processor.report.ContainerValidator.process(ContainerValidator.java:573) [vdi2770-processor-0.9.12.jar:?]
	at de.vdi.vdi2770.processor.report.ContainerValidator.validateUnzippedContainer(ContainerValidator.java:267) [vdi2770-processor-0.9.12.jar:?]
	at de.vdi.vdi2770.processor.report.ContainerValidator.validate(ContainerValidator.java:215) [vdi2770-processor-0.9.12.jar:?]
	at Sweep.main(Sweep.java:54) [tmp5tiwbeg3/:?]
2026-08-24 02:50:34.439 [main] INFO  de.vdi.vdi2770.processor.report.ContainerValidator - Processing a document container.
2026-08-24 02:50:34.450 [main] INFO  de.vdi.vdi2770.processor.pdf.PdfValidator - Reading PDF/A version and level from file /var/folders/rf/48x_ytsj2cb70yvdh73dkxkm0000gn/T/vdi2770_13550117977175633613/folders/456-29201/demo.pdf
2026-08-24 02:50:34.451 [main] INFO  de.vdi.vdi2770.processor.pdf.PdfValidator - PDF/A version is 3A
2026-08-24 02:50:34.455 [main] INFO  de.vdi.vdi2770.processor.pdf.PdfValidator - Reading PDF/A version and level from file /var/folders/rf/48x_ytsj2cb70yvdh73dkxkm0000gn/T/vdi2770_13550117977175633613/folders/456-29201/demo.pdf
2026-08-24 02:50:34.456 [main] INFO  de.vdi.vdi2770.processor.pdf.PdfValidator - PDF/A version is 3A
2026-08-24 02:50:34.526 [main] INFO  de.vdi.vdi2770.processor.report.ContainerValidator - Processing a documentation container.
2026-08-24 02:50:34.535 [main] INFO  de.vdi.vdi2770.processor.pdf.PdfValidator - Reading PDF/A version and level from file /var/folders/rf/48x_ytsj2cb70yvdh73dkxkm0000gn/T/vdi2770_5077019087024773484/demo_invalid_doc_type_names/VDI2770_Main.pdf
2026-08-24 02:50:34.536 [main] INFO  de.vdi.vdi2770.processor.pdf.PdfValidator - PDF/A version is 3A
2026-08-24 02:50:34.543 [main] INFO  de.vdi.vdi2770.processor.pdf.PdfValidator - Reading PDF/A version and level from file /var/folders/rf/48x_ytsj2cb70yvdh73dkxkm0000gn/T/vdi2770_5077019087024773484/demo_invalid_doc_type_names/VDI2770_Main.pdf
2026-08-24 02:50:34.544 [main] INFO  de.vdi.vdi2770.processor.pdf.PdfValidator - PDF/A version is 3A
2026-08-24 02:50:34.544 [main] INFO  de.vdi.vdi2770.processor.report.ContainerValidator - Processing a document container.
2026-08-24 02:50:34.556 [main] INFO  de.vdi.vdi2770.processor.pdf.PdfValidator - Reading PDF/A version and level from file /var/folders/rf/48x_ytsj2cb70yvdh73dkxkm0000gn/T/vdi2770_5077019087024773484/demo_invalid_doc_type_names/AB393/demo.pdf
2026-08-24 02:50:34.557 [main] INFO  de.vdi.vdi2770.processor.pdf.PdfValidator - PDF/A version is 3A
2026-08-24 02:50:34.561 [main] INFO  de.vdi.vdi2770.processor.pdf.PdfValidator - Reading PDF/A version and level from file /var/folders/rf/48x_ytsj2cb70yvdh73dkxkm0000gn/T/vdi2770_5077019087024773484/demo_invalid_doc_type_names/AB393/demo.pdf
2026-08-24 02:50:34.562 [main] INFO  de.vdi.vdi2770.processor.pdf.PdfValidator - PDF/A version is 3A
2026-08-24 02:50:34.562 [main] INFO  de.vdi.vdi2770.processor.report.ContainerValidator - Processing a document container.
2026-08-24 02:50:34.573 [main] INFO  de.vdi.vdi2770.processor.pdf.PdfValidator - Reading PDF/A version and level from file /var/folders/rf/48x_ytsj2cb70yvdh73dkxkm0000gn/T/vdi2770_5077019087024773484/demo_invalid_doc_type_names/456-29201/demo.pdf
2026-08-24 02:50:34.575 [main] INFO  de.vdi.vdi2770.processor.pdf.PdfValidator - PDF/A version is 3A
2026-08-24 02:50:34.580 [main] INFO  de.vdi.vdi2770.processor.pdf.PdfValidator - Reading PDF/A version and level from file /var/folders/rf/48x_ytsj2cb70yvdh73dkxkm0000gn/T/vdi2770_5077019087024773484/demo_invalid_doc_type_names/456-29201/demo.pdf
2026-08-24 02:50:34.581 [main] INFO  de.vdi.vdi2770.processor.pdf.PdfValidator - PDF/A version is 3A
2026-08-24 02:50:34.614 [main] INFO  de.vdi.vdi2770.processor.report.ContainerValidator - Processing a documentation container.
2026-08-24 02:50:34.624 [main] INFO  de.vdi.vdi2770.processor.pdf.PdfValidator - Reading PDF/A version and level from file /var/folders/rf/48x_ytsj2cb70yvdh73dkxkm0000gn/T/vdi2770_9676517460368845181/demo_vdi/VDI2770_Main.pdf
2026-08-24 02:50:34.625 [main] INFO  de.vdi.vdi2770.processor.pdf.PdfValidator - PDF/A version is 3A
2026-08-24 02:50:34.630 [main] INFO  de.vdi.vdi2770.processor.pdf.PdfValidator - Reading PDF/A version and level from file /var/folders/rf/48x_ytsj2cb70yvdh73dkxkm0000gn/T/vdi2770_9676517460368845181/demo_vdi/VDI2770_Main.pdf
2026-08-24 02:50:34.632 [main] INFO  de.vdi.vdi2770.processor.pdf.PdfValidator - PDF/A version is 3A
2026-08-24 02:50:34.632 [main] INFO  de.vdi.vdi2770.processor.report.ContainerValidator - Processing a document container.
2026-08-24 02:50:34.646 [main] INFO  de.vdi.vdi2770.processor.pdf.PdfValidator - Reading PDF/A version and level from file /var/folders/rf/48x_ytsj2cb70yvdh73dkxkm0000gn/T/vdi2770_9676517460368845181/demo_vdi/AB393/demo.pdf
2026-08-24 02:50:34.647 [main] INFO  de.vdi.vdi2770.processor.pdf.PdfValidator - PDF/A version is 3A
2026-08-24 02:50:34.650 [main] INFO  de.vdi.vdi2770.processor.pdf.PdfValidator - Reading PDF/A version and level from file /var/folders/rf/48x_ytsj2cb70yvdh73dkxkm0000gn/T/vdi2770_9676517460368845181/demo_vdi/AB393/demo.pdf
2026-08-24 02:50:34.651 [main] INFO  de.vdi.vdi2770.processor.pdf.PdfValidator - PDF/A version is 3A
2026-08-24 02:50:34.651 [main] INFO  de.vdi.vdi2770.processor.report.ContainerValidator - Processing a document container.
2026-08-24 02:50:34.662 [main] INFO  de.vdi.vdi2770.processor.pdf.PdfValidator - Reading PDF/A version and level from file /var/folders/rf/48x_ytsj2cb70yvdh73dkxkm0000gn/T/vdi2770_9676517460368845181/demo_vdi/456-29201/demo.pdf
2026-08-24 02:50:34.663 [main] INFO  de.vdi.vdi2770.processor.pdf.PdfValidator - PDF/A version is 3A
2026-08-24 02:50:34.666 [main] INFO  de.vdi.vdi2770.processor.pdf.PdfValidator - Reading PDF/A version and level from file /var/folders/rf/48x_ytsj2cb70yvdh73dkxkm0000gn/T/vdi2770_9676517460368845181/demo_vdi/456-29201/demo.pdf
2026-08-24 02:50:34.667 [main] INFO  de.vdi.vdi2770.processor.pdf.PdfValidator - PDF/A version is 3A
2026-08-24 02:50:34.717 [main] INFO  de.vdi.vdi2770.processor.report.ContainerValidator - Processing a documentation container.
2026-08-24 02:50:34.726 [main] INFO  de.vdi.vdi2770.processor.pdf.PdfValidator - Reading PDF/A version and level from file /var/folders/rf/48x_ytsj2cb70yvdh73dkxkm0000gn/T/vdi2770_11087913983384389287/missing_Metadata/VDI2770_Main.pdf
2026-08-24 02:50:34.727 [main] INFO  de.vdi.vdi2770.processor.pdf.PdfValidator - PDF/A version is 3A
2026-08-24 02:50:34.732 [main] INFO  de.vdi.vdi2770.processor.pdf.PdfValidator - Reading PDF/A version and level from file /var/folders/rf/48x_ytsj2cb70yvdh73dkxkm0000gn/T/vdi2770_11087913983384389287/missing_Metadata/VDI2770_Main.pdf
2026-08-24 02:50:34.733 [main] INFO  de.vdi.vdi2770.processor.pdf.PdfValidator - PDF/A version is 3A
2026-08-24 02:50:34.733 [main] INFO  de.vdi.vdi2770.processor.report.ContainerValidator - Processing a document container.
2026-08-24 02:50:34.744 [main] INFO  de.vdi.vdi2770.processor.pdf.PdfValidator - Reading PDF/A version and level from file /var/folders/rf/48x_ytsj2cb70yvdh73dkxkm0000gn/T/vdi2770_11087913983384389287/missing_Metadata/AB393/demo.pdf
2026-08-24 02:50:34.745 [main] INFO  de.vdi.vdi2770.processor.pdf.PdfValidator - PDF/A version is 3A
2026-08-24 02:50:34.748 [main] INFO  de.vdi.vdi2770.processor.pdf.PdfValidator - Reading PDF/A version and level from file /var/folders/rf/48x_ytsj2cb70yvdh73dkxkm0000gn/T/vdi2770_11087913983384389287/missing_Metadata/AB393/demo.pdf
2026-08-24 02:50:34.749 [main] INFO  de.vdi.vdi2770.processor.pdf.PdfValidator - PDF/A version is 3A
2026-08-24 02:50:34.762 [main] INFO  de.vdi.vdi2770.processor.report.ContainerValidator - Processing a document container.
2026-08-24 02:50:34.782 [main] INFO  de.vdi.vdi2770.processor.report.ContainerValidator - Processing a document container.
2026-08-24 02:50:34.790 [main] WARN  de.vdi.vdi2770.processor.report.ContainerValidator - Error reading file mime type
java.io.FileNotFoundException: /var/folders/rf/48x_ytsj2cb70yvdh73dkxkm0000gn/T/vdi2770_10984218630211588205/f4-nameless-file (Is a directory)
	at java.base/java.io.FileInputStream.open0(Native Method) ~[?:?]
	at java.base/java.io.FileInputStream.open(FileInputStream.java:216) ~[?:?]
	at java.base/java.io.FileInputStream.<init>(FileInputStream.java:157) ~[?:?]
	at org.apache.tika.io.TikaInputStream.<init>(TikaInputStream.java:159) ~[tika-core-2.9.1.jar:2.9.1]
	at org.apache.tika.io.TikaInputStream.get(TikaInputStream.java:412) ~[tika-core-2.9.1.jar:2.9.1]
	at org.apache.tika.Tika.detect(Tika.java:288) ~[tika-core-2.9.1.jar:2.9.1]
	at de.vdi.vdi2770.processor.report.ContainerValidator.reportContentType(ContainerValidator.java:942) [vdi2770-processor-0.9.12.jar:?]
	at de.vdi.vdi2770.processor.report.ContainerValidator.reportPdf(ContainerValidator.java:803) [vdi2770-processor-0.9.12.jar:?]
	at de.vdi.vdi2770.processor.report.ContainerValidator.reportStoredDocumentRepresentations(ContainerValidator.java:887) [vdi2770-processor-0.9.12.jar:?]
	at de.vdi.vdi2770.processor.report.ContainerValidator.reportVdiXmlFile(ContainerValidator.java:727) [vdi2770-processor-0.9.12.jar:?]
	at de.vdi.vdi2770.processor.report.ContainerValidator.validateAndReportVdiXmlFile(ContainerValidator.java:698) [vdi2770-processor-0.9.12.jar:?]
	at de.vdi.vdi2770.processor.report.ContainerValidator.validateAndReportVdiXmlFile(ContainerValidator.java:678) [vdi2770-processor-0.9.12.jar:?]
	at de.vdi.vdi2770.processor.report.ContainerValidator.process(ContainerValidator.java:524) [vdi2770-processor-0.9.12.jar:?]
	at de.vdi.vdi2770.processor.report.ContainerValidator.validateUnzippedContainer(ContainerValidator.java:267) [vdi2770-processor-0.9.12.jar:?]
	at de.vdi.vdi2770.processor.report.ContainerValidator.validate(ContainerValidator.java:215) [vdi2770-processor-0.9.12.jar:?]
	at Sweep.main(Sweep.java:54) [tmp5tiwbeg3/:?]
2026-08-24 02:50:34.791 [main] WARN  de.vdi.vdi2770.processor.report.ContainerValidator - Can not read file /var/folders/rf/48x_ytsj2cb70yvdh73dkxkm0000gn/T/vdi2770_10984218630211588205/f4-nameless-file
java.io.FileNotFoundException: /var/folders/rf/48x_ytsj2cb70yvdh73dkxkm0000gn/T/vdi2770_10984218630211588205/f4-nameless-file (Is a directory)
	at java.base/java.io.FileInputStream.open0(Native Method) ~[?:?]
	at java.base/java.io.FileInputStream.open(FileInputStream.java:216) ~[?:?]
	at java.base/java.io.FileInputStream.<init>(FileInputStream.java:157) ~[?:?]
	at org.apache.tika.io.TikaInputStream.<init>(TikaInputStream.java:159) ~[tika-core-2.9.1.jar:2.9.1]
	at org.apache.tika.io.TikaInputStream.get(TikaInputStream.java:412) ~[tika-core-2.9.1.jar:2.9.1]
	at org.apache.tika.Tika.detect(Tika.java:288) ~[tika-core-2.9.1.jar:2.9.1]
	at de.vdi.vdi2770.processor.pdf.PdfValidator.isPdfFile(PdfValidator.java:339) ~[vdi2770-processor-0.9.12.jar:?]
	at de.vdi.vdi2770.processor.report.ContainerValidator.reportPdf(ContainerValidator.java:806) [vdi2770-processor-0.9.12.jar:?]
	at de.vdi.vdi2770.processor.report.ContainerValidator.reportStoredDocumentRepresentations(ContainerValidator.java:887) [vdi2770-processor-0.9.12.jar:?]
	at de.vdi.vdi2770.processor.report.ContainerValidator.reportVdiXmlFile(ContainerValidator.java:727) [vdi2770-processor-0.9.12.jar:?]
	at de.vdi.vdi2770.processor.report.ContainerValidator.validateAndReportVdiXmlFile(ContainerValidator.java:698) [vdi2770-processor-0.9.12.jar:?]
	at de.vdi.vdi2770.processor.report.ContainerValidator.validateAndReportVdiXmlFile(ContainerValidator.java:678) [vdi2770-processor-0.9.12.jar:?]
	at de.vdi.vdi2770.processor.report.ContainerValidator.process(ContainerValidator.java:524) [vdi2770-processor-0.9.12.jar:?]
	at de.vdi.vdi2770.processor.report.ContainerValidator.validateUnzippedContainer(ContainerValidator.java:267) [vdi2770-processor-0.9.12.jar:?]
	at de.vdi.vdi2770.processor.report.ContainerValidator.validate(ContainerValidator.java:215) [vdi2770-processor-0.9.12.jar:?]
	at Sweep.main(Sweep.java:54) [tmp5tiwbeg3/:?]
2026-08-24 02:50:34.806 [main] INFO  de.vdi.vdi2770.processor.report.ContainerValidator - Processing a document container.
2026-08-24 02:50:34.816 [main] INFO  de.vdi.vdi2770.processor.pdf.PdfValidator - Reading PDF/A version and level from file /var/folders/rf/48x_ytsj2cb70yvdh73dkxkm0000gn/T/vdi2770_2773767943480732068/m1-no-vdi-classification/B.pdf
2026-08-24 02:50:34.817 [main] INFO  de.vdi.vdi2770.processor.pdf.PdfValidator - PDF/A version is 3A
2026-08-24 02:50:34.821 [main] INFO  de.vdi.vdi2770.processor.pdf.PdfValidator - Reading PDF/A version and level from file /var/folders/rf/48x_ytsj2cb70yvdh73dkxkm0000gn/T/vdi2770_2773767943480732068/m1-no-vdi-classification/B.pdf
2026-08-24 02:50:34.822 [main] INFO  de.vdi.vdi2770.processor.pdf.PdfValidator - PDF/A version is 3A
2026-08-24 02:50:34.834 [main] INFO  de.vdi.vdi2770.processor.report.ContainerValidator - Processing a document container.
2026-08-24 02:50:34.845 [main] INFO  de.vdi.vdi2770.processor.pdf.PdfValidator - Reading PDF/A version and level from file /var/folders/rf/48x_ytsj2cb70yvdh73dkxkm0000gn/T/vdi2770_8952057883231322102/m10-empty-document-id/B.pdf
2026-08-24 02:50:34.846 [main] INFO  de.vdi.vdi2770.processor.pdf.PdfValidator - PDF/A version is 3A
2026-08-24 02:50:34.850 [main] INFO  de.vdi.vdi2770.processor.pdf.PdfValidator - Reading PDF/A version and level from file /var/folders/rf/48x_ytsj2cb70yvdh73dkxkm0000gn/T/vdi2770_8952057883231322102/m10-empty-document-id/B.pdf
2026-08-24 02:50:34.850 [main] INFO  de.vdi.vdi2770.processor.pdf.PdfValidator - PDF/A version is 3A
2026-08-24 02:50:34.862 [main] INFO  de.vdi.vdi2770.processor.report.ContainerValidator - Processing a document container.
2026-08-24 02:50:34.874 [main] INFO  de.vdi.vdi2770.processor.pdf.PdfValidator - Reading PDF/A version and level from file /var/folders/rf/48x_ytsj2cb70yvdh73dkxkm0000gn/T/vdi2770_16304654133771454526/m2-unknown-class-id/B.pdf
2026-08-24 02:50:34.875 [main] INFO  de.vdi.vdi2770.processor.pdf.PdfValidator - PDF/A version is 3A
2026-08-24 02:50:34.879 [main] INFO  de.vdi.vdi2770.processor.pdf.PdfValidator - Reading PDF/A version and level from file /var/folders/rf/48x_ytsj2cb70yvdh73dkxkm0000gn/T/vdi2770_16304654133771454526/m2-unknown-class-id/B.pdf
2026-08-24 02:50:34.880 [main] INFO  de.vdi.vdi2770.processor.pdf.PdfValidator - PDF/A version is 3A
2026-08-24 02:50:34.892 [main] INFO  de.vdi.vdi2770.processor.report.ContainerValidator - Processing a document container.
2026-08-24 02:50:34.907 [main] INFO  de.vdi.vdi2770.processor.pdf.PdfValidator - Reading PDF/A version and level from file /var/folders/rf/48x_ytsj2cb70yvdh73dkxkm0000gn/T/vdi2770_1602888566245416129/m5-bad-language-code/B.pdf
2026-08-24 02:50:34.908 [main] INFO  de.vdi.vdi2770.processor.pdf.PdfValidator - PDF/A version is 3A
2026-08-24 02:50:34.913 [main] INFO  de.vdi.vdi2770.processor.pdf.PdfValidator - Reading PDF/A version and level from file /var/folders/rf/48x_ytsj2cb70yvdh73dkxkm0000gn/T/vdi2770_1602888566245416129/m5-bad-language-code/B.pdf
2026-08-24 02:50:34.913 [main] INFO  de.vdi.vdi2770.processor.pdf.PdfValidator - PDF/A version is 3A
2026-08-24 02:50:34.926 [main] INFO  de.vdi.vdi2770.processor.report.ContainerValidator - Processing a document container.
2026-08-24 02:50:34.937 [main] INFO  de.vdi.vdi2770.processor.pdf.PdfValidator - Reading PDF/A version and level from file /var/folders/rf/48x_ytsj2cb70yvdh73dkxkm0000gn/T/vdi2770_10148354963055548008/m6-no-pdf-declared/B.pdf
2026-08-24 02:50:34.938 [main] INFO  de.vdi.vdi2770.processor.pdf.PdfValidator - PDF/A version is 3A
2026-08-24 02:50:34.942 [main] INFO  de.vdi.vdi2770.processor.pdf.PdfValidator - Reading PDF/A version and level from file /var/folders/rf/48x_ytsj2cb70yvdh73dkxkm0000gn/T/vdi2770_10148354963055548008/m6-no-pdf-declared/B.pdf
2026-08-24 02:50:34.943 [main] INFO  de.vdi.vdi2770.processor.pdf.PdfValidator - PDF/A version is 3A
2026-08-24 02:50:34.964 [main] INFO  de.vdi.vdi2770.processor.report.ContainerValidator - Processing a documentation container.
2026-08-24 02:50:34.972 [main] INFO  de.vdi.vdi2770.processor.pdf.PdfValidator - Reading PDF/A version and level from file /var/folders/rf/48x_ytsj2cb70yvdh73dkxkm0000gn/T/vdi2770_15753154352807223869/m7-main-not-released/VDI2770_Main.pdf
2026-08-24 02:50:34.974 [main] INFO  de.vdi.vdi2770.processor.pdf.PdfValidator - PDF/A version is 3A
2026-08-24 02:50:34.979 [main] INFO  de.vdi.vdi2770.processor.pdf.PdfValidator - Reading PDF/A version and level from file /var/folders/rf/48x_ytsj2cb70yvdh73dkxkm0000gn/T/vdi2770_15753154352807223869/m7-main-not-released/VDI2770_Main.pdf
2026-08-24 02:50:34.980 [main] INFO  de.vdi.vdi2770.processor.pdf.PdfValidator - PDF/A version is 3A
2026-08-24 02:50:34.980 [main] INFO  de.vdi.vdi2770.processor.report.ContainerValidator - Processing a document container.
2026-08-24 02:50:34.994 [main] INFO  de.vdi.vdi2770.processor.pdf.PdfValidator - Reading PDF/A version and level from file /var/folders/rf/48x_ytsj2cb70yvdh73dkxkm0000gn/T/vdi2770_15753154352807223869/m7-main-not-released/documentcontainer/B.pdf
2026-08-24 02:50:34.995 [main] INFO  de.vdi.vdi2770.processor.pdf.PdfValidator - PDF/A version is 3A
2026-08-24 02:50:34.998 [main] INFO  de.vdi.vdi2770.processor.pdf.PdfValidator - Reading PDF/A version and level from file /var/folders/rf/48x_ytsj2cb70yvdh73dkxkm0000gn/T/vdi2770_15753154352807223869/m7-main-not-released/documentcontainer/B.pdf
2026-08-24 02:50:34.999 [main] INFO  de.vdi.vdi2770.processor.pdf.PdfValidator - PDF/A version is 3A
2026-08-24 02:50:35.011 [main] INFO  de.vdi.vdi2770.processor.report.ContainerValidator - Processing a document container.
2026-08-24 02:50:35.021 [main] INFO  de.vdi.vdi2770.processor.pdf.PdfValidator - Reading PDF/A version and level from file /var/folders/rf/48x_ytsj2cb70yvdh73dkxkm0000gn/T/vdi2770_78339261382175840/m8-unlabelled-class-name/B.pdf
2026-08-24 02:50:35.022 [main] INFO  de.vdi.vdi2770.processor.pdf.PdfValidator - PDF/A version is 3A
2026-08-24 02:50:35.026 [main] INFO  de.vdi.vdi2770.processor.pdf.PdfValidator - Reading PDF/A version and level from file /var/folders/rf/48x_ytsj2cb70yvdh73dkxkm0000gn/T/vdi2770_78339261382175840/m8-unlabelled-class-name/B.pdf
2026-08-24 02:50:35.026 [main] INFO  de.vdi.vdi2770.processor.pdf.PdfValidator - PDF/A version is 3A
2026-08-24 02:50:35.037 [main] INFO  de.vdi.vdi2770.processor.report.ContainerValidator - Processing a document container.
2026-08-24 02:50:35.048 [main] INFO  de.vdi.vdi2770.processor.pdf.PdfValidator - Reading PDF/A version and level from file /var/folders/rf/48x_ytsj2cb70yvdh73dkxkm0000gn/T/vdi2770_15402286246479233128/m9-repeated-document-id/B.pdf
2026-08-24 02:50:35.049 [main] INFO  de.vdi.vdi2770.processor.pdf.PdfValidator - PDF/A version is 3A
2026-08-24 02:50:35.052 [main] INFO  de.vdi.vdi2770.processor.pdf.PdfValidator - Reading PDF/A version and level from file /var/folders/rf/48x_ytsj2cb70yvdh73dkxkm0000gn/T/vdi2770_15402286246479233128/m9-repeated-document-id/B.pdf
2026-08-24 02:50:35.053 [main] INFO  de.vdi.vdi2770.processor.pdf.PdfValidator - PDF/A version is 3A
2026-08-24 02:50:35.062 [main] INFO  de.vdi.vdi2770.processor.report.ContainerValidator - Processing a document container.
2026-08-24 02:50:35.087 [main] INFO  de.vdi.vdi2770.processor.report.ContainerValidator - Processing a document container.
2026-08-24 02:50:35.097 [main] INFO  de.vdi.vdi2770.processor.pdf.PdfValidator - Reading PDF/A version and level from file /var/folders/rf/48x_ytsj2cb70yvdh73dkxkm0000gn/T/vdi2770_6031331484378987216/p2-encrypted-pdf/B.pdf
2026-08-24 02:50:35.102 [main] WARN  de.vdi.vdi2770.processor.report.ContainerValidator - Error reading PDF/A level
2026-08-24 02:50:35.115 [main] INFO  de.vdi.vdi2770.processor.report.ContainerValidator - Processing a document container.
2026-08-24 02:50:35.125 [main] INFO  de.vdi.vdi2770.processor.pdf.PdfValidator - Reading PDF/A version and level from file /var/folders/rf/48x_ytsj2cb70yvdh73dkxkm0000gn/T/vdi2770_12866775889880689623/p3-no-pdfa-claim/B.pdf
2026-08-24 02:50:35.125 [main] WARN  de.vdi.vdi2770.processor.pdf.PdfValidator - XMP meta data is null
2026-08-24 02:50:35.125 [main] WARN  de.vdi.vdi2770.processor.report.ContainerValidator - Error reading PDF/A level
2026-08-24 02:50:35.132 [main] INFO  de.vdi.vdi2770.processor.report.ContainerValidator - Processing a document container.
2026-08-24 02:50:35.136 [main] INFO  de.vdi.vdi2770.processor.report.ContainerValidator - Error while XML validation
de.vdi.vdi2770.metadata.xml.XmlProcessingException: Error processing XML
	at de.vdi.vdi2770.metadata.xml.XmlUtils.readXmlRaw(XmlUtils.java:274) ~[vdi2770-core-0.9.12.jar:?]
	at de.vdi.vdi2770.metadata.xml.XmlUtils.readXml(XmlUtils.java:293) ~[vdi2770-core-0.9.12.jar:?]
	at de.vdi.vdi2770.metadata.xml.XmlReader.read(XmlReader.java:284) ~[vdi2770-core-0.9.12.jar:?]
	at de.vdi.vdi2770.processor.report.ContainerValidator.reportVdiXmlFile(ContainerValidator.java:711) [vdi2770-processor-0.9.12.jar:?]
	at de.vdi.vdi2770.processor.report.ContainerValidator.validateAndReportVdiXmlFile(ContainerValidator.java:698) [vdi2770-processor-0.9.12.jar:?]
	at de.vdi.vdi2770.processor.report.ContainerValidator.validateAndReportVdiXmlFile(ContainerValidator.java:678) [vdi2770-processor-0.9.12.jar:?]
	at de.vdi.vdi2770.processor.report.ContainerValidator.process(ContainerValidator.java:524) [vdi2770-processor-0.9.12.jar:?]
	at de.vdi.vdi2770.processor.report.ContainerValidator.validateUnzippedContainer(ContainerValidator.java:267) [vdi2770-processor-0.9.12.jar:?]
	at de.vdi.vdi2770.processor.report.ContainerValidator.validate(ContainerValidator.java:215) [vdi2770-processor-0.9.12.jar:?]
	at Sweep.main(Sweep.java:54) [tmp5tiwbeg3/:?]
Caused by: javax.xml.bind.UnmarshalException
	at javax.xml.bind.helpers.AbstractUnmarshallerImpl.createUnmarshalException(AbstractUnmarshallerImpl.java:310) ~[jakarta.xml.bind-api-2.3.3.jar:2.3.3]
	at com.sun.xml.bind.v2.runtime.unmarshaller.UnmarshallerImpl.createUnmarshalException(UnmarshallerImpl.java:548) ~[jaxb-runtime-2.3.6.jar:2.3.6]
	at com.sun.xml.bind.v2.runtime.unmarshaller.UnmarshallerImpl.unmarshal0(UnmarshallerImpl.java:234) ~[jaxb-runtime-2.3.6.jar:2.3.6]
	at com.sun.xml.bind.v2.runtime.unmarshaller.UnmarshallerImpl.unmarshal(UnmarshallerImpl.java:206) ~[jaxb-runtime-2.3.6.jar:2.3.6]
	at com.sun.xml.bind.v2.runtime.unmarshaller.UnmarshallerImpl.unmarshal(UnmarshallerImpl.java:258) ~[jaxb-runtime-2.3.6.jar:2.3.6]
	at de.vdi.vdi2770.metadata.xml.XmlUtils.readXmlRaw(XmlUtils.java:261) ~[vdi2770-core-0.9.12.jar:?]
	... 9 more
Caused by: org.xml.sax.SAXParseException: The element type "Document" must be terminated by the matching end-tag "</Document>".
	at java.xml/com.sun.org.apache.xerces.internal.parsers.AbstractSAXParser.parse(AbstractSAXParser.java:1251) ~[?:?]
	at java.xml/com.sun.org.apache.xerces.internal.jaxp.SAXParserImpl$JAXPSAXParser.parse(SAXParserImpl.java:637) ~[?:?]
	at java.xml/org.xml.sax.helpers.XMLFilterImpl.parse(XMLFilterImpl.java:345) ~[?:?]
	at com.sun.xml.bind.v2.runtime.unmarshaller.UnmarshallerImpl.unmarshal0(UnmarshallerImpl.java:228) ~[jaxb-runtime-2.3.6.jar:2.3.6]
	at com.sun.xml.bind.v2.runtime.unmarshaller.UnmarshallerImpl.unmarshal(UnmarshallerImpl.java:206) ~[jaxb-runtime-2.3.6.jar:2.3.6]
	at com.sun.xml.bind.v2.runtime.unmarshaller.UnmarshallerImpl.unmarshal(UnmarshallerImpl.java:258) ~[jaxb-runtime-2.3.6.jar:2.3.6]
	at de.vdi.vdi2770.metadata.xml.XmlUtils.readXmlRaw(XmlUtils.java:261) ~[vdi2770-core-0.9.12.jar:?]
	... 9 more
2026-08-24 02:50:35.136 [main] WARN  de.vdi.vdi2770.processor.report.ContainerValidator - Document instance not found for file 6a161711d88913e34e09a89408c9374f9e22d52fa7b770f2bf498353842ce76f
2026-08-24 02:50:35.136 [main] WARN  de.vdi.vdi2770.processor.report.ContainerValidator - Can not validate realtions, because 'currentDocument' is null
2026-08-24 02:50:35.141 [main] INFO  de.vdi.vdi2770.processor.report.ContainerValidator - Processing a document container.
2026-08-24 02:50:35.144 [main] INFO  de.vdi.vdi2770.processor.report.ContainerValidator - Error while XML validation
de.vdi.vdi2770.metadata.xml.XmlValidationException: XML file has errors. Validate file for more information.
	at de.vdi.vdi2770.metadata.xml.XmlUtils.readXmlRaw(XmlUtils.java:266) ~[vdi2770-core-0.9.12.jar:?]
	at de.vdi.vdi2770.metadata.xml.XmlUtils.readXml(XmlUtils.java:293) ~[vdi2770-core-0.9.12.jar:?]
	at de.vdi.vdi2770.metadata.xml.XmlReader.read(XmlReader.java:284) ~[vdi2770-core-0.9.12.jar:?]
	at de.vdi.vdi2770.processor.report.ContainerValidator.reportVdiXmlFile(ContainerValidator.java:711) [vdi2770-processor-0.9.12.jar:?]
	at de.vdi.vdi2770.processor.report.ContainerValidator.validateAndReportVdiXmlFile(ContainerValidator.java:698) [vdi2770-processor-0.9.12.jar:?]
	at de.vdi.vdi2770.processor.report.ContainerValidator.validateAndReportVdiXmlFile(ContainerValidator.java:678) [vdi2770-processor-0.9.12.jar:?]
	at de.vdi.vdi2770.processor.report.ContainerValidator.process(ContainerValidator.java:524) [vdi2770-processor-0.9.12.jar:?]
	at de.vdi.vdi2770.processor.report.ContainerValidator.validateUnzippedContainer(ContainerValidator.java:267) [vdi2770-processor-0.9.12.jar:?]
	at de.vdi.vdi2770.processor.report.ContainerValidator.validate(ContainerValidator.java:215) [vdi2770-processor-0.9.12.jar:?]
	at Sweep.main(Sweep.java:54) [tmp5tiwbeg3/:?]
2026-08-24 02:50:35.144 [main] WARN  de.vdi.vdi2770.processor.report.ContainerValidator - Document instance not found for file f511c462781ff2d671bf6a491d6e3c2029535e7dbd16c6e6d9af894ba5c98e00
2026-08-24 02:50:35.144 [main] WARN  de.vdi.vdi2770.processor.report.ContainerValidator - Can not validate realtions, because 'currentDocument' is null
2026-08-24 02:50:35.152 [main] INFO  de.vdi.vdi2770.processor.report.ContainerValidator - Processing a document container.
2026-08-24 02:50:35.155 [main] INFO  de.vdi.vdi2770.processor.report.ContainerValidator - Error while XML validation
de.vdi.vdi2770.metadata.xml.XmlValidationException: XML file has errors. Validate file for more information.
	at de.vdi.vdi2770.metadata.xml.XmlUtils.readXmlRaw(XmlUtils.java:266) ~[vdi2770-core-0.9.12.jar:?]
	at de.vdi.vdi2770.metadata.xml.XmlUtils.readXml(XmlUtils.java:293) ~[vdi2770-core-0.9.12.jar:?]
	at de.vdi.vdi2770.metadata.xml.XmlReader.read(XmlReader.java:284) ~[vdi2770-core-0.9.12.jar:?]
	at de.vdi.vdi2770.processor.report.ContainerValidator.reportVdiXmlFile(ContainerValidator.java:711) [vdi2770-processor-0.9.12.jar:?]
	at de.vdi.vdi2770.processor.report.ContainerValidator.validateAndReportVdiXmlFile(ContainerValidator.java:698) [vdi2770-processor-0.9.12.jar:?]
	at de.vdi.vdi2770.processor.report.ContainerValidator.validateAndReportVdiXmlFile(ContainerValidator.java:678) [vdi2770-processor-0.9.12.jar:?]
	at de.vdi.vdi2770.processor.report.ContainerValidator.process(ContainerValidator.java:524) [vdi2770-processor-0.9.12.jar:?]
	at de.vdi.vdi2770.processor.report.ContainerValidator.validateUnzippedContainer(ContainerValidator.java:267) [vdi2770-processor-0.9.12.jar:?]
	at de.vdi.vdi2770.processor.report.ContainerValidator.validate(ContainerValidator.java:215) [vdi2770-processor-0.9.12.jar:?]
	at Sweep.main(Sweep.java:54) [tmp5tiwbeg3/:?]
2026-08-24 02:50:35.155 [main] WARN  de.vdi.vdi2770.processor.report.ContainerValidator - Document instance not found for file 04fb27dd6d324833b94c181f878476885f29be6d0da97b5b2def10893ea053ad
2026-08-24 02:50:35.155 [main] WARN  de.vdi.vdi2770.processor.report.ContainerValidator - Can not validate realtions, because 'currentDocument' is null
2026-08-24 02:50:35.156 [main] INFO  de.vdi.vdi2770.processor.report.ContainerValidator - Found ZIP validation errors.
2026-08-24 02:50:35.160 [main] INFO  de.vdi.vdi2770.processor.report.ContainerValidator - Processing a document container.
2026-08-24 02:50:35.162 [main] INFO  de.vdi.vdi2770.processor.report.ContainerValidator - Error while XML validation
de.vdi.vdi2770.metadata.xml.XmlValidationException: XML file has errors. Validate file for more information.
	at de.vdi.vdi2770.metadata.xml.XmlUtils.readXmlRaw(XmlUtils.java:266) ~[vdi2770-core-0.9.12.jar:?]
	at de.vdi.vdi2770.metadata.xml.XmlUtils.readXml(XmlUtils.java:293) ~[vdi2770-core-0.9.12.jar:?]
	at de.vdi.vdi2770.metadata.xml.XmlReader.read(XmlReader.java:284) ~[vdi2770-core-0.9.12.jar:?]
	at de.vdi.vdi2770.processor.report.ContainerValidator.reportVdiXmlFile(ContainerValidator.java:711) [vdi2770-processor-0.9.12.jar:?]
	at de.vdi.vdi2770.processor.report.ContainerValidator.validateAndReportVdiXmlFile(ContainerValidator.java:698) [vdi2770-processor-0.9.12.jar:?]
	at de.vdi.vdi2770.processor.report.ContainerValidator.validateAndReportVdiXmlFile(ContainerValidator.java:678) [vdi2770-processor-0.9.12.jar:?]
	at de.vdi.vdi2770.processor.report.ContainerValidator.process(ContainerValidator.java:524) [vdi2770-processor-0.9.12.jar:?]
	at de.vdi.vdi2770.processor.report.ContainerValidator.validateUnzippedContainer(ContainerValidator.java:267) [vdi2770-processor-0.9.12.jar:?]
	at de.vdi.vdi2770.processor.report.ContainerValidator.validate(ContainerValidator.java:215) [vdi2770-processor-0.9.12.jar:?]
	at Sweep.main(Sweep.java:54) [tmp5tiwbeg3/:?]
2026-08-24 02:50:35.162 [main] WARN  de.vdi.vdi2770.processor.report.ContainerValidator - Document instance not found for file 306e59941130abf17b90f1c1d6e5c3cd427dbfdcdb768bc5fc0000b1b781cae3
2026-08-24 02:50:35.162 [main] WARN  de.vdi.vdi2770.processor.report.ContainerValidator - Can not validate realtions, because 'currentDocument' is null
2026-08-24 02:50:35.183 [main] INFO  de.vdi.vdi2770.processor.report.ContainerValidator - Processing a document container.
2026-08-24 02:50:35.196 [main] INFO  de.vdi.vdi2770.processor.pdf.PdfValidator - Reading PDF/A version and level from file /var/folders/rf/48x_ytsj2cb70yvdh73dkxkm0000gn/T/vdi2770_6009199362465470267/z11-container-in-document/B.pdf
2026-08-24 02:50:35.197 [main] INFO  de.vdi.vdi2770.processor.pdf.PdfValidator - PDF/A version is 3A
2026-08-24 02:50:35.201 [main] INFO  de.vdi.vdi2770.processor.pdf.PdfValidator - Reading PDF/A version and level from file /var/folders/rf/48x_ytsj2cb70yvdh73dkxkm0000gn/T/vdi2770_6009199362465470267/z11-container-in-document/B.pdf
2026-08-24 02:50:35.202 [main] INFO  de.vdi.vdi2770.processor.pdf.PdfValidator - PDF/A version is 3A
2026-08-24 02:50:35.265 [main] INFO  de.vdi.vdi2770.processor.report.ContainerValidator - Processing a document container.
2026-08-24 02:50:35.276 [main] INFO  de.vdi.vdi2770.processor.pdf.PdfValidator - Reading PDF/A version and level from file /var/folders/rf/48x_ytsj2cb70yvdh73dkxkm0000gn/T/vdi2770_16994296504932478441/z5-compression-ratio/B.pdf
2026-08-24 02:50:35.277 [main] INFO  de.vdi.vdi2770.processor.pdf.PdfValidator - PDF/A version is 3A
2026-08-24 02:50:35.281 [main] INFO  de.vdi.vdi2770.processor.pdf.PdfValidator - Reading PDF/A version and level from file /var/folders/rf/48x_ytsj2cb70yvdh73dkxkm0000gn/T/vdi2770_16994296504932478441/z5-compression-ratio/B.pdf
2026-08-24 02:50:35.282 [main] INFO  de.vdi.vdi2770.processor.pdf.PdfValidator - PDF/A version is 3A
2026-08-24 02:50:35.340 [main] INFO  de.vdi.vdi2770.processor.report.ContainerValidator - Processing a document container.
2026-08-24 02:50:35.353 [main] INFO  de.vdi.vdi2770.processor.pdf.PdfValidator - Reading PDF/A version and level from file /var/folders/rf/48x_ytsj2cb70yvdh73dkxkm0000gn/T/vdi2770_17424052642423988929/z5b-declared-bomb/B.pdf
2026-08-24 02:50:35.354 [main] INFO  de.vdi.vdi2770.processor.pdf.PdfValidator - PDF/A version is 3A
2026-08-24 02:50:35.358 [main] INFO  de.vdi.vdi2770.processor.pdf.PdfValidator - Reading PDF/A version and level from file /var/folders/rf/48x_ytsj2cb70yvdh73dkxkm0000gn/T/vdi2770_17424052642423988929/z5b-declared-bomb/B.pdf
2026-08-24 02:50:35.359 [main] INFO  de.vdi.vdi2770.processor.pdf.PdfValidator - PDF/A version is 3A
2026-08-24 02:50:35.406 [main] INFO  de.vdi.vdi2770.processor.report.ContainerValidator - Processing a documentation container.
2026-08-24 02:50:35.414 [main] INFO  de.vdi.vdi2770.processor.pdf.PdfValidator - Reading PDF/A version and level from file /var/folders/rf/48x_ytsj2cb70yvdh73dkxkm0000gn/T/vdi2770_18127546365849551095/z6-nesting-too-deep/VDI2770_Main.pdf
2026-08-24 02:50:35.415 [main] INFO  de.vdi.vdi2770.processor.pdf.PdfValidator - PDF/A version is 3A
2026-08-24 02:50:35.420 [main] INFO  de.vdi.vdi2770.processor.pdf.PdfValidator - Reading PDF/A version and level from file /var/folders/rf/48x_ytsj2cb70yvdh73dkxkm0000gn/T/vdi2770_18127546365849551095/z6-nesting-too-deep/VDI2770_Main.pdf
2026-08-24 02:50:35.421 [main] INFO  de.vdi.vdi2770.processor.pdf.PdfValidator - PDF/A version is 3A
2026-08-24 02:50:35.422 [main] INFO  de.vdi.vdi2770.processor.report.ContainerValidator - Processing a document container.
2026-08-24 02:50:35.430 [main] INFO  de.vdi.vdi2770.processor.report.ContainerValidator - Processing a document container.
2026-08-24 02:50:35.439 [main] INFO  de.vdi.vdi2770.processor.pdf.PdfValidator - Reading PDF/A version and level from file /var/folders/rf/48x_ytsj2cb70yvdh73dkxkm0000gn/T/vdi2770_18127546365849551095/z6-nesting-too-deep/documentcontainer/B.pdf
2026-08-24 02:50:35.440 [main] INFO  de.vdi.vdi2770.processor.pdf.PdfValidator - PDF/A version is 3A
2026-08-24 02:50:35.443 [main] INFO  de.vdi.vdi2770.processor.pdf.PdfValidator - Reading PDF/A version and level from file /var/folders/rf/48x_ytsj2cb70yvdh73dkxkm0000gn/T/vdi2770_18127546365849551095/z6-nesting-too-deep/documentcontainer/B.pdf
2026-08-24 02:50:35.444 [main] INFO  de.vdi.vdi2770.processor.pdf.PdfValidator - PDF/A version is 3A
